  myDll.cpp
C:\Users\Administrator\Desktop\myDll\eigen5\Eigen\src\Core\MathFunctions.h(811,1): warning C4819: 该文件包含不能在当前代码页(936)中表示的字符。请将该文件保存为 Unicode 格式以防止数据丢失
  (编译源文件“/myDll.cpp”)
  
C:\Users\Administrator\Desktop\myDll\eigen5\Eigen\src\Core\arch\Default\Half.h(1,1): warning C4819: 该文件包含不能在当前代码页(936)中表示的字符。请将该文件保存为 Unicode 格式以防止数据丢失
  (编译源文件“/myDll.cpp”)
  
C:\Users\Administrator\Desktop\myDll\eigen5\Eigen\src\Core\arch\Default\BFloat16.h(1,1): warning C4819: 该文件包含不能在当前代码页(936)中表示的字符。请将该文件保存为 Unicode 格式以防止数据丢失
  (编译源文件“/myDll.cpp”)
  
C:\Users\Administrator\Desktop\myDll\eigen5\Eigen\src\Core\arch\Default\GenericPacketMathFunctions.h(1335,1): warning C4819: 该文件包含不能在当前代码页(936)中表示的字符。请将该文件保存为 Unicode 格式以防止数据丢失
  (编译源文件“/myDll.cpp”)
  
C:\Users\Administrator\Desktop\myDll\eigen5\Eigen\src\Core\arch\Default\GenericPacketMathFunctions.h(1941,1): warning C4819: 该文件包含不能在当前代码页(936)中表示的字符。请将该文件保存为 Unicode 格式以防止数据丢失
  (编译源文件“/myDll.cpp”)
  
C:\Users\Administrator\Desktop\myDll\eigen5\Eigen\src\Core\SkewSymmetricMatrix3.h(1,1): warning C4819: 该文件包含不能在当前代码页(936)中表示的字符。请将该文件保存为 Unicode 格式以防止数据丢失
  (编译源文件“/myDll.cpp”)
  
C:\Users\Administrator\Desktop\myDll\eigen5\Eigen\src\IterativeLinearSolvers\BiCGSTAB.h(1,1): warning C4819: 该文件包含不能在当前代码页(936)中表示的字符。请将该文件保存为 Unicode 格式以防止数据丢失
  (编译源文件“/myDll.cpp”)
  
C:\Users\Administrator\Desktop\myDll\opencv\build\include\opencv2\imgcodecs.hpp(1,1): warning C4819: 该文件包含不能在当前代码页(936)中表示的字符。请将该文件保存为 Unicode 格式以防止数据丢失
  (编译源文件“/myDll.cpp”)
  
    正在创建库 C:\Users\Administrator\Desktop\myDll\x64\Release\myDll.lib 和对象 C:\Users\Administrator\Desktop\myDll\x64\Release\myDll.exp
  正在生成代码
  0 of 4516 functions ( 0.0%) were compiled, the rest were copied from previous compilation.
    0 functions were new in current compilation
    0 functions had inline decision re-evaluated but remain unchanged
  已完成代码的生成
  myDll.vcxproj -> C:\Users\Administrator\Desktop\myDll\x64\Release\myDll.dll
